// Jest Snapshot v1, https://goo.gl/fbAQLP

exports[`matches snapshot 1`] = `
<DocumentFragment>
  <div
    class="Box"
    style="width: 100px; height: 100px; background-color: rgb(255, 0, 0);"
  >
    <button
      class="delete"
    >
      X
    </button>
  </div>
</DocumentFragment>
`;
