// Jest Snapshot v1, https://goo.gl/fbAQLP

exports[`matches snapshot 1`] = `
<DocumentFragment>
  <div
    class="Boxes"
  >
    <form>
      <label
        for="width"
      >
        Width:
      </label>
      <input
        id="width"
        name="width"
        type="number"
        value=""
      />
      <label
        for="height"
      >
        Height:
      </label>
      <input
        id="height"
        name="height"
        type="number"
        value=""
      />
      <label
        for="backgroundColor"
      >
        Background Color:
      </label>
      <input
        id="backgroundColor"
        name="backgroundColor"
        type="color"
        value="#000000"
      />
      <button>
        Add a new box!
      </button>
    </form>
    <div />
  </div>
</DocumentFragment>
`;
