// Jest Snapshot v1, https://goo.gl/fbAQLP

exports[`matches snapshot 1`] = `
<DocumentFragment>
  <div
    class="Todo"
  >
    <div
      class="Todo-task"
    >
      A Task
    </div>
    <button
      class="delete"
    >
      X
    </button>
  </div>
</DocumentFragment>
`;
