// Jest Snapshot v1, https://goo.gl/fbAQLP

exports[`matches snapshot 1`] = `
<DocumentFragment>
  <div
    class="Todos"
  >
    <form
      class="TodoForm"
    >
      <label
        for="task"
      >
        Task:
      </label>
      <input
        id="task"
        name="task"
        type="text"
        value=""
      />
      <button>
        Add
      </button>
    </form>
    <div />
  </div>
</DocumentFragment>
`;
